+ set -e
+ sample_folder=HOMD_v4_GTDB-c001
+ query=/shared/users/grupo1/lemmi16s/benchmark/instances/HOMD_v4_GTDB/HOMD_v4_GTDB-c001
+ model_path=/shared/users/grupo1/lemmi16s/benchmark/tmp/kraken2_16s_HOMD_v4_GTDB/tmp_HOMD_v4_GTDB
+ output_file=/shared/users/grupo1/lemmi16s/benchmark/analysis_outputs/kraken2/mononodo/kraken2_mononodo.HOMD_v4_GTDB-c001.predictions.tsv
+ mkdir -p tmp_HOMD_v4_GTDB-c001
+ cd tmp_HOMD_v4_GTDB-c001
+ '[' -z x ']'
+ kraken2 --threads 4 --db /shared/users/grupo1/lemmi16s/benchmark/tmp/kraken2_16s_HOMD_v4_GTDB/tmp_HOMD_v4_GTDB/database --output query.out --report query.report --paired /shared/users/grupo1/lemmi16s/benchmark/instances/HOMD_v4_GTDB/HOMD_v4_GTDB-c001/queryReads1.fq /shared/users/grupo1/lemmi16s/benchmark/instances/HOMD_v4_GTDB/HOMD_v4_GTDB-c001/queryReads2.fq
Loading database information... done.
480704 sequences (192.28 Mbp) processed in 8.529s (3381.7 Kseq/m, 1352.66 Mbp/m).
  480704 sequences classified (100.00%)
  0 sequences unclassified (0.00%)
+ bracken -d /shared/users/grupo1/lemmi16s/benchmark/tmp/kraken2_16s_HOMD_v4_GTDB/tmp_HOMD_v4_GTDB/database -i query.report -o query.bracken -l G -r 150
>> Checking report file: query.report
+ editResult.py query_bracken_genuses.report results.tsv summary_taxonomy.tsv
+ cp results.tsv /shared/users/grupo1/lemmi16s/benchmark/analysis_outputs/kraken2/mononodo/kraken2_mononodo.HOMD_v4_GTDB-c001.predictions.tsv
+ set -e
+ sample_folder=HOMD_v4_GTDB-c002
+ query=/shared/users/grupo1/lemmi16s/benchmark/instances/HOMD_v4_GTDB/HOMD_v4_GTDB-c002
+ model_path=/shared/users/grupo1/lemmi16s/benchmark/tmp/kraken2_16s_HOMD_v4_GTDB/tmp_HOMD_v4_GTDB
+ output_file=/shared/users/grupo1/lemmi16s/benchmark/analysis_outputs/kraken2/mononodo/kraken2_mononodo.HOMD_v4_GTDB-c002.predictions.tsv
+ mkdir -p tmp_HOMD_v4_GTDB-c002
+ cd tmp_HOMD_v4_GTDB-c002
+ '[' -z x ']'
+ kraken2 --threads 4 --db /shared/users/grupo1/lemmi16s/benchmark/tmp/kraken2_16s_HOMD_v4_GTDB/tmp_HOMD_v4_GTDB/database --output query.out --report query.report --paired /shared/users/grupo1/lemmi16s/benchmark/instances/HOMD_v4_GTDB/HOMD_v4_GTDB-c002/queryReads1.fq /shared/users/grupo1/lemmi16s/benchmark/instances/HOMD_v4_GTDB/HOMD_v4_GTDB-c002/queryReads2.fq
Loading database information... done.
496437 sequences (198.57 Mbp) processed in 8.459s (3521.1 Kseq/m, 1408.43 Mbp/m).
  496437 sequences classified (100.00%)
  0 sequences unclassified (0.00%)
+ bracken -d /shared/users/grupo1/lemmi16s/benchmark/tmp/kraken2_16s_HOMD_v4_GTDB/tmp_HOMD_v4_GTDB/database -i query.report -o query.bracken -l G -r 150
>> Checking report file: query.report
+ editResult.py query_bracken_genuses.report results.tsv summary_taxonomy.tsv
+ cp results.tsv /shared/users/grupo1/lemmi16s/benchmark/analysis_outputs/kraken2/mononodo/kraken2_mononodo.HOMD_v4_GTDB-c002.predictions.tsv
+ set -e
+ sample_folder=HOMD_v4_GTDB-c003
+ query=/shared/users/grupo1/lemmi16s/benchmark/instances/HOMD_v4_GTDB/HOMD_v4_GTDB-c003
+ model_path=/shared/users/grupo1/lemmi16s/benchmark/tmp/kraken2_16s_HOMD_v4_GTDB/tmp_HOMD_v4_GTDB
+ output_file=/shared/users/grupo1/lemmi16s/benchmark/analysis_outputs/kraken2/mononodo/kraken2_mononodo.HOMD_v4_GTDB-c003.predictions.tsv
+ mkdir -p tmp_HOMD_v4_GTDB-c003
+ cd tmp_HOMD_v4_GTDB-c003
+ '[' -z x ']'
+ kraken2 --threads 4 --db /shared/users/grupo1/lemmi16s/benchmark/tmp/kraken2_16s_HOMD_v4_GTDB/tmp_HOMD_v4_GTDB/database --output query.out --report query.report --paired /shared/users/grupo1/lemmi16s/benchmark/instances/HOMD_v4_GTDB/HOMD_v4_GTDB-c003/queryReads1.fq /shared/users/grupo1/lemmi16s/benchmark/instances/HOMD_v4_GTDB/HOMD_v4_GTDB-c003/queryReads2.fq
Loading database information... done.
474342 sequences (189.74 Mbp) processed in 4.215s (6752.0 Kseq/m, 2700.81 Mbp/m).
  474342 sequences classified (100.00%)
  0 sequences unclassified (0.00%)
+ bracken -d /shared/users/grupo1/lemmi16s/benchmark/tmp/kraken2_16s_HOMD_v4_GTDB/tmp_HOMD_v4_GTDB/database -i query.report -o query.bracken -l G -r 150
>> Checking report file: query.report
+ editResult.py query_bracken_genuses.report results.tsv summary_taxonomy.tsv
+ cp results.tsv /shared/users/grupo1/lemmi16s/benchmark/analysis_outputs/kraken2/mononodo/kraken2_mononodo.HOMD_v4_GTDB-c003.predictions.tsv
+ set -e
+ sample_folder=HOMD_v4_GTDB-e001
+ query=/shared/users/grupo1/lemmi16s/benchmark/instances/HOMD_v4_GTDB/HOMD_v4_GTDB-e001
+ model_path=/shared/users/grupo1/lemmi16s/benchmark/tmp/kraken2_16s_HOMD_v4_GTDB/tmp_HOMD_v4_GTDB
+ output_file=/shared/users/grupo1/lemmi16s/benchmark/analysis_outputs/kraken2/mononodo/kraken2_mononodo.HOMD_v4_GTDB-e001.predictions.tsv
+ mkdir -p tmp_HOMD_v4_GTDB-e001
+ cd tmp_HOMD_v4_GTDB-e001
+ '[' -z x ']'
+ kraken2 --threads 4 --db /shared/users/grupo1/lemmi16s/benchmark/tmp/kraken2_16s_HOMD_v4_GTDB/tmp_HOMD_v4_GTDB/database --output query.out --report query.report --paired /shared/users/grupo1/lemmi16s/benchmark/instances/HOMD_v4_GTDB/HOMD_v4_GTDB-e001/queryReads1.fq /shared/users/grupo1/lemmi16s/benchmark/instances/HOMD_v4_GTDB/HOMD_v4_GTDB-e001/queryReads2.fq
Loading database information... done.
514955 sequences (205.98 Mbp) processed in 9.016s (3427.0 Kseq/m, 1370.79 Mbp/m).
  514955 sequences classified (100.00%)
  0 sequences unclassified (0.00%)
+ bracken -d /shared/users/grupo1/lemmi16s/benchmark/tmp/kraken2_16s_HOMD_v4_GTDB/tmp_HOMD_v4_GTDB/database -i query.report -o query.bracken -l G -r 150
>> Checking report file: query.report
+ editResult.py query_bracken_genuses.report results.tsv summary_taxonomy.tsv
+ cp results.tsv /shared/users/grupo1/lemmi16s/benchmark/analysis_outputs/kraken2/mononodo/kraken2_mononodo.HOMD_v4_GTDB-e001.predictions.tsv
+ set -e
+ sample_folder=HOMD_v4_GTDB-e002
+ query=/shared/users/grupo1/lemmi16s/benchmark/instances/HOMD_v4_GTDB/HOMD_v4_GTDB-e002
+ model_path=/shared/users/grupo1/lemmi16s/benchmark/tmp/kraken2_16s_HOMD_v4_GTDB/tmp_HOMD_v4_GTDB
+ output_file=/shared/users/grupo1/lemmi16s/benchmark/analysis_outputs/kraken2/mononodo/kraken2_mononodo.HOMD_v4_GTDB-e002.predictions.tsv
+ mkdir -p tmp_HOMD_v4_GTDB-e002
+ cd tmp_HOMD_v4_GTDB-e002
+ '[' -z x ']'
+ kraken2 --threads 4 --db /shared/users/grupo1/lemmi16s/benchmark/tmp/kraken2_16s_HOMD_v4_GTDB/tmp_HOMD_v4_GTDB/database --output query.out --report query.report --paired /shared/users/grupo1/lemmi16s/benchmark/instances/HOMD_v4_GTDB/HOMD_v4_GTDB-e002/queryReads1.fq /shared/users/grupo1/lemmi16s/benchmark/instances/HOMD_v4_GTDB/HOMD_v4_GTDB-e002/queryReads2.fq
Loading database information... done.
486993 sequences (194.80 Mbp) processed in 8.617s (3390.8 Kseq/m, 1356.32 Mbp/m).
  486993 sequences classified (100.00%)
  0 sequences unclassified (0.00%)
+ bracken -d /shared/users/grupo1/lemmi16s/benchmark/tmp/kraken2_16s_HOMD_v4_GTDB/tmp_HOMD_v4_GTDB/database -i query.report -o query.bracken -l G -r 150
>> Checking report file: query.report
+ editResult.py query_bracken_genuses.report results.tsv summary_taxonomy.tsv
+ cp results.tsv /shared/users/grupo1/lemmi16s/benchmark/analysis_outputs/kraken2/mononodo/kraken2_mononodo.HOMD_v4_GTDB-e002.predictions.tsv
