=================================================================
=== Medicion de Energia Raspberry Pi 5 (PMIC Hardware) ===
=================================================================
Etiqueta:          kraken2_Cluster_chunk4_node_rbp5-4_job1233_task4
Intervalo:         1.0 s
Hardware:          Renesas DA9091 PMIC (12 Canales ADC)
Directorio salida: /shared/users/grupo1/lemmi16s/medicion_energia/kraken2
Archivo de salida: energia_kraken2_Cluster_chunk4_node_rbp5-4_job1233_task4_20260923_095410.csv
Presiona Ctrl+C o envia SIGTERM para detener la medicion.

[2026-09-23 09:54:13.505] [PMIC] Power:  2.48 W | Energia: 0.0022 Wh | Muestras: 1[2026-09-23 09:54:14.906] [PMIC] Power:  5.35 W | Energia: 0.0040 Wh | Muestras: 2[2026-09-23 09:54:16.209] [PMIC] Power:  3.48 W | Energia: 0.0054 Wh | Muestras: 3[2026-09-23 09:54:20.966] [PMIC] Advertencia: Lectura nula del conversor ADC[2026-09-23 09:54:22.636] [PMIC] Power:  2.26 W | Energia: 0.0084 Wh | Muestras: 4[2026-09-23 09:54:23.679] [PMIC] Power:  3.06 W | Energia: 0.0098 Wh | Muestras: 5[2026-09-23 09:54:24.742] [PMIC] Power:  2.32 W | Energia: 0.0104 Wh | Muestras: 6[2026-09-23 09:54:25.799] [PMIC] Power:  2.41 W | Energia: 0.0112 Wh | Muestras: 7

=== Resumen de medicion (kraken2_Cluster_chunk4_node_rbp5-4_job1233_task4) ===
Inicio:           2026-09-23 09:54:10.102316
Fin:              2026-09-23 09:54:26.511472
Duracion:         16.4 s (0.27 min)
Muestras tomadas: 7
Energia total:    0.0112 Wh
Potencia promedio: 2.45 W
CSV guardado en:  energia_kraken2_Cluster_chunk4_node_rbp5-4_job1233_task4_20260923_095410.csv

Recuerda: resta el consumo baseline (standby) medido por separado
para obtener la energia neta atribuible al pipeline.

