=================================================================
=== Medicion de Energia Raspberry Pi 5 (PMIC Hardware) ===
=================================================================
Etiqueta:          kraken2_Cluster_chunk4_node_rbp5-4_job1275_task4
Intervalo:         1.0 s
Hardware:          Renesas DA9091 PMIC (12 Canales ADC)
Directorio salida: /shared/users/grupo1/lemmi16s/medicion_energia/kraken2
Archivo de salida: energia_kraken2_Cluster_chunk4_node_rbp5-4_job1275_task4_20260923_171415.csv
Presiona Ctrl+C o envia SIGTERM para detener la medicion.

[2026-09-23 17:14:16.181] [PMIC] Power:  2.54 W | Energia: 0.0007 Wh | Muestras: 1[2026-09-23 17:14:17.263] [PMIC] Power:  3.33 W | Energia: 0.0017 Wh | Muestras: 2[2026-09-23 17:14:18.702] [PMIC] Power:  4.22 W | Energia: 0.0029 Wh | Muestras: 3[2026-09-23 17:14:23.377] [PMIC] Power:  3.47 W | Energia: 0.0043 Wh | Muestras: 4[2026-09-23 17:14:34.925] [PMIC] Power:  2.32 W | Energia: 0.0073 Wh | Muestras: 5[2026-09-23 17:14:38.294] [PMIC] Power:  2.43 W | Energia: 0.0151 Wh | Muestras: 6[2026-09-23 17:14:39.389] [PMIC] Power:  3.25 W | Energia: 0.0182 Wh | Muestras: 7[2026-09-23 17:14:40.472] [PMIC] Power:  3.96 W | Energia: 0.0194 Wh | Muestras: 8[2026-09-23 17:14:41.539] [PMIC] Power:  2.46 W | Energia: 0.0201 Wh | Muestras: 9[2026-09-23 17:14:42.649] [PMIC] Power:  2.55 W | Energia: 0.0209 Wh | Muestras: 10

=== Resumen de medicion (kraken2_Cluster_chunk4_node_rbp5-4_job1275_task4) ===
Inicio:           2026-09-23 17:14:15.138666
Fin:              2026-09-23 17:14:42.701195
Duracion:         27.6 s (0.46 min)
Muestras tomadas: 10
Energia total:    0.0209 Wh
Potencia promedio: 2.73 W
CSV guardado en:  energia_kraken2_Cluster_chunk4_node_rbp5-4_job1275_task4_20260923_171415.csv

Recuerda: resta el consumo baseline (standby) medido por separado
para obtener la energia neta atribuible al pipeline.

