=================================================================
=== Medicion de Energia Raspberry Pi 5 (PMIC Hardware) ===
=================================================================
Etiqueta:          kraken2_Cluster_chunk3_node_rbp5-3_job1238_task3
Intervalo:         1.0 s
Hardware:          Renesas DA9091 PMIC (12 Canales ADC)
Directorio salida: /shared/users/grupo1/lemmi16s/medicion_energia/kraken2
Archivo de salida: energia_kraken2_Cluster_chunk3_node_rbp5-3_job1238_task3_20260923_100526.csv
Presiona Ctrl+C o envia SIGTERM para detener la medicion.

[2026-09-23 10:05:27.803] [PMIC] Power:  3.33 W | Energia: 0.0009 Wh | Muestras: 1[2026-09-23 10:05:28.893] [PMIC] Power:  3.27 W | Energia: 0.0019 Wh | Muestras: 2[2026-09-23 10:05:43.923] [PMIC] Power:  2.36 W | Energia: 0.0026 Wh | Muestras: 3[2026-09-23 10:05:44.977] [PMIC] Power:  2.60 W | Energia: 0.0135 Wh | Muestras: 4[2026-09-23 10:05:46.037] [PMIC] Power:  2.67 W | Energia: 0.0143 Wh | Muestras: 5[2026-09-23 10:05:47.083] [PMIC] Power:  2.44 W | Energia: 0.0150 Wh | Muestras: 6[2026-09-23 10:05:48.131] [PMIC] Power:  2.45 W | Energia: 0.0157 Wh | Muestras: 7

=== Resumen de medicion (kraken2_Cluster_chunk3_node_rbp5-3_job1238_task3) ===
Inicio:           2026-09-23 10:05:26.720408
Fin:              2026-09-23 10:05:49.036900
Duracion:         22.3 s (0.37 min)
Muestras tomadas: 7
Energia total:    0.0157 Wh
Potencia promedio: 2.53 W
CSV guardado en:  energia_kraken2_Cluster_chunk3_node_rbp5-3_job1238_task3_20260923_100526.csv

Recuerda: resta el consumo baseline (standby) medido por separado
para obtener la energia neta atribuible al pipeline.

