=================================================================
=== Medicion de Energia Raspberry Pi 5 (PMIC Hardware) ===
=================================================================
Etiqueta:          Kraken2_multinodo_e001_node_rbp5-4_job1486
Intervalo:         1.0 s
Hardware:          Renesas DA9091 PMIC (12 Canales ADC)
Directorio salida: /shared/users/grupo1/lemmi16s/medicion_energia/kraken2
Archivo de salida: energia_Kraken2_multinodo_e001_node_rbp5-4_job1486_20260924_160649.csv
Presiona Ctrl+C o envia SIGTERM para detener la medicion.

[2026-09-24 16:06:50.318] [PMIC] Power:  2.20 W | Energia: 0.0006 Wh | Muestras: 1[2026-09-24 16:06:51.376] [PMIC] Power:  3.73 W | Energia: 0.0017 Wh | Muestras: 2[2026-09-24 16:06:52.483] [PMIC] Power:  6.42 W | Energia: 0.0036 Wh | Muestras: 3[2026-09-24 16:06:54.991] [PMIC] Advertencia: Lectura nula del conversor ADC[2026-09-24 16:06:57.216] [PMIC] Power:  5.82 W | Energia: 0.0076 Wh | Muestras: 4[2026-09-24 16:06:58.583] [PMIC] Power:  6.60 W | Energia: 0.0117 Wh | Muestras: 5[2026-09-24 16:06:59.989] [PMIC] Power:  6.43 W | Energia: 0.0142 Wh | Muestras: 6[2026-09-24 16:07:01.835] [PMIC] Power:  2.53 W | Energia: 0.0152 Wh | Muestras: 7[2026-09-24 16:07:11.806] [PMIC] Power:  2.85 W | Energia: 0.0166 Wh | Muestras: 8[2026-09-24 16:07:18.387] [PMIC] Power:  2.45 W | Energia: 0.0234 Wh | Muestras: 9[2026-09-24 16:07:23.104] [PMIC] Power:  2.50 W | Energia: 0.0280 Wh | Muestras: 10[2026-09-24 16:07:24.137] [PMIC] Power:  3.87 W | Energia: 0.0330 Wh | Muestras: 11[2026-09-24 16:07:25.196] [PMIC] Power:  3.10 W | Energia: 0.0339 Wh | Muestras: 12[2026-09-24 16:07:26.277] [PMIC] Power:  2.21 W | Energia: 0.0346 Wh | Muestras: 13[2026-09-24 16:07:27.366] [PMIC] Power:  2.25 W | Energia: 0.0353 Wh | Muestras: 14

=== Resumen de medicion (Kraken2_multinodo_e001_node_rbp5-4_job1486) ===
Inicio:           2026-09-24 16:06:49.279224
Fin:              2026-09-24 16:07:28.171688
Duracion:         38.9 s (0.65 min)
Muestras tomadas: 14
Energia total:    0.0353 Wh
Potencia promedio: 3.26 W
CSV guardado en:  energia_Kraken2_multinodo_e001_node_rbp5-4_job1486_20260924_160649.csv

Recuerda: resta el consumo baseline (standby) medido por separado
para obtener la energia neta atribuible al pipeline.

