=================================================================
=== Medicion de Energia Raspberry Pi 5 (PMIC Hardware) ===
=================================================================
Etiqueta:          kraken2_Cluster_chunk1_node_rbp5-1_job1248_task1
Intervalo:         1.0 s
Hardware:          Renesas DA9091 PMIC (12 Canales ADC)
Directorio salida: /shared/users/grupo1/lemmi16s/medicion_energia/kraken2
Archivo de salida: energia_kraken2_Cluster_chunk1_node_rbp5-1_job1248_task1_20260923_102435.csv
Presiona Ctrl+C o envia SIGTERM para detener la medicion.

[2026-09-23 10:24:40.689] [PMIC] Power:  2.50 W | Energia: 0.0033 Wh | Muestras: 1[2026-09-23 10:24:41.832] [PMIC] Power:  5.13 W | Energia: 0.0048 Wh | Muestras: 2[2026-09-23 10:24:42.927] [PMIC] Power:  6.32 W | Energia: 0.0068 Wh | Muestras: 3[2026-09-23 10:24:45.433] [PMIC] Advertencia: Lectura nula del conversor ADC[2026-09-23 10:24:46.890] [PMIC] Power:  3.23 W | Energia: 0.0091 Wh | Muestras: 4[2026-09-23 10:24:50.288] [PMIC] Power:  2.79 W | Energia: 0.0102 Wh | Muestras: 5[2026-09-23 10:24:51.373] [PMIC] Power:  3.24 W | Energia: 0.0132 Wh | Muestras: 6[2026-09-23 10:24:57.934] [PMIC] Power:  2.29 W | Energia: 0.0139 Wh | Muestras: 7[2026-09-23 10:24:58.981] [PMIC] Power:  2.43 W | Energia: 0.0184 Wh | Muestras: 8

=== Resumen de medicion (kraken2_Cluster_chunk1_node_rbp5-1_job1248_task1) ===
Inicio:           2026-09-23 10:24:35.888638
Fin:              2026-09-23 10:24:59.991355
Duracion:         24.1 s (0.40 min)
Muestras tomadas: 8
Energia total:    0.0184 Wh
Potencia promedio: 2.74 W
CSV guardado en:  energia_kraken2_Cluster_chunk1_node_rbp5-1_job1248_task1_20260923_102435.csv

Recuerda: resta el consumo baseline (standby) medido por separado
para obtener la energia neta atribuible al pipeline.

