=================================================================
=== Medicion de Energia Raspberry Pi 5 (PMIC Hardware) ===
=================================================================
Etiqueta:          kraken2_Cluster_chunk4_node_rbp5-4_job1255_task4
Intervalo:         1.0 s
Hardware:          Renesas DA9091 PMIC (12 Canales ADC)
Directorio salida: /shared/users/grupo1/lemmi16s/medicion_energia/kraken2
Archivo de salida: energia_kraken2_Cluster_chunk4_node_rbp5-4_job1255_task4_20260923_170513.csv
Presiona Ctrl+C o envia SIGTERM para detener la medicion.

[2026-09-23 17:05:14.542] [PMIC] Power:  2.53 W | Energia: 0.0007 Wh | Muestras: 1[2026-09-23 17:05:15.596] [PMIC] Power:  3.62 W | Energia: 0.0017 Wh | Muestras: 2[2026-09-23 17:05:16.679] [PMIC] Power:  4.52 W | Energia: 0.0031 Wh | Muestras: 3[2026-09-23 17:05:17.765] [PMIC] Power:  4.84 W | Energia: 0.0045 Wh | Muestras: 4[2026-09-23 17:05:18.846] [PMIC] Power:  3.39 W | Energia: 0.0056 Wh | Muestras: 5[2026-09-23 17:05:21.659] [PMIC] Power:  2.60 W | Energia: 0.0063 Wh | Muestras: 6[2026-09-23 17:05:23.519] [PMIC] Power:  2.39 W | Energia: 0.0082 Wh | Muestras: 7[2026-09-23 17:05:24.568] [PMIC] Power:  2.51 W | Energia: 0.0095 Wh | Muestras: 8[2026-09-23 17:05:25.639] [PMIC] Power:  3.56 W | Energia: 0.0105 Wh | Muestras: 9

=== Resumen de medicion (kraken2_Cluster_chunk4_node_rbp5-4_job1255_task4) ===
Inicio:           2026-09-23 17:05:13.503576
Fin:              2026-09-23 17:05:26.445786
Duracion:         12.9 s (0.22 min)
Muestras tomadas: 9
Energia total:    0.0105 Wh
Potencia promedio: 2.93 W
CSV guardado en:  energia_kraken2_Cluster_chunk4_node_rbp5-4_job1255_task4_20260923_170513.csv

Recuerda: resta el consumo baseline (standby) medido por separado
para obtener la energia neta atribuible al pipeline.

