=================================================================
=== Medicion de Energia Raspberry Pi 5 (PMIC Hardware) ===
=================================================================
Etiqueta:          kraken2_Cluster_chunk5_node_rbp5-5_job1270_task5
Intervalo:         1.0 s
Hardware:          Renesas DA9091 PMIC (12 Canales ADC)
Directorio salida: /shared/users/grupo1/lemmi16s/medicion_energia/kraken2
Archivo de salida: energia_kraken2_Cluster_chunk5_node_rbp5-5_job1270_task5_20260923_171136.csv
Presiona Ctrl+C o envia SIGTERM para detener la medicion.

[2026-09-23 17:11:42.073] [PMIC] Power:  2.64 W | Energia: 0.0040 Wh | Muestras: 1[2026-09-23 17:11:50.289] [PMIC] Power:  2.13 W | Energia: 0.0046 Wh | Muestras: 2[2026-09-23 17:11:52.336] [PMIC] Power:  3.09 W | Energia: 0.0116 Wh | Muestras: 3[2026-09-23 17:11:57.672] [PMIC] Power:  2.94 W | Energia: 0.0133 Wh | Muestras: 4[2026-09-23 17:12:03.429] [PMIC] Power:  2.27 W | Energia: 0.0167 Wh | Muestras: 5[2026-09-23 17:12:10.062] [PMIC] Power:  2.40 W | Energia: 0.0205 Wh | Muestras: 6[2026-09-23 17:12:18.272] [PMIC] Power:  2.96 W | Energia: 0.0260 Wh | Muestras: 7[2026-09-23 17:12:19.329] [PMIC] Power:  2.68 W | Energia: 0.0321 Wh | Muestras: 8[2026-09-23 17:12:20.402] [PMIC] Power:  2.33 W | Energia: 0.0328 Wh | Muestras: 9[2026-09-23 17:12:21.466] [PMIC] Power:  2.65 W | Energia: 0.0335 Wh | Muestras: 10

=== Resumen de medicion (kraken2_Cluster_chunk5_node_rbp5-5_job1270_task5) ===
Inicio:           2026-09-23 17:11:36.637402
Fin:              2026-09-23 17:12:22.276598
Duracion:         45.6 s (0.76 min)
Muestras tomadas: 10
Energia total:    0.0335 Wh
Potencia promedio: 2.65 W
CSV guardado en:  energia_kraken2_Cluster_chunk5_node_rbp5-5_job1270_task5_20260923_171136.csv

Recuerda: resta el consumo baseline (standby) medido por separado
para obtener la energia neta atribuible al pipeline.

