=================================================================
=== Medicion de Energia Raspberry Pi 5 (PMIC Hardware) ===
=================================================================
Etiqueta:          Kraken2_multinodo_c002_node_rbp5-2_job1484
Intervalo:         1.0 s
Hardware:          Renesas DA9091 PMIC (12 Canales ADC)
Directorio salida: /shared/users/grupo1/lemmi16s/medicion_energia/kraken2
Archivo de salida: energia_Kraken2_multinodo_c002_node_rbp5-2_job1484_20260924_160650.csv
Presiona Ctrl+C o envia SIGTERM para detener la medicion.

[2026-09-24 16:06:51.286] [PMIC] Power:  2.47 W | Energia: 0.0007 Wh | Muestras: 1[2026-09-24 16:06:52.380] [PMIC] Power:  5.12 W | Energia: 0.0022 Wh | Muestras: 2[2026-09-24 16:06:55.172] [PMIC] Advertencia: Lectura nula del conversor ADC[2026-09-24 16:06:58.545] [PMIC] Power:  6.60 W | Energia: 0.0073 Wh | Muestras: 3[2026-09-24 16:06:59.968] [PMIC] Power:  6.11 W | Energia: 0.0130 Wh | Muestras: 4[2026-09-24 16:07:02.074] [PMIC] Power:  2.34 W | Energia: 0.0139 Wh | Muestras: 5[2026-09-24 16:07:11.622] [PMIC] Power:  2.50 W | Energia: 0.0154 Wh | Muestras: 6[2026-09-24 16:07:16.345] [PMIC] Power:  2.22 W | Energia: 0.0213 Wh | Muestras: 7[2026-09-24 16:07:21.596] [PMIC] Power:  2.44 W | Energia: 0.0245 Wh | Muestras: 8[2026-09-24 16:07:23.848] [PMIC] Power:  2.55 W | Energia: 0.0282 Wh | Muestras: 9[2026-09-24 16:07:24.897] [PMIC] Power:  2.59 W | Energia: 0.0298 Wh | Muestras: 10[2026-09-24 16:07:25.991] [PMIC] Power:  2.24 W | Energia: 0.0305 Wh | Muestras: 11[2026-09-24 16:07:27.070] [PMIC] Power:  2.45 W | Energia: 0.0312 Wh | Muestras: 12

=== Resumen de medicion (Kraken2_multinodo_c002_node_rbp5-2_job1484) ===
Inicio:           2026-09-24 16:06:50.247392
Fin:              2026-09-24 16:07:27.576355
Duracion:         37.3 s (0.62 min)
Muestras tomadas: 12
Energia total:    0.0312 Wh
Potencia promedio: 3.01 W
CSV guardado en:  energia_Kraken2_multinodo_c002_node_rbp5-2_job1484_20260924_160650.csv

Recuerda: resta el consumo baseline (standby) medido por separado
para obtener la energia neta atribuible al pipeline.

