=================================================================
=== Medicion de Energia Raspberry Pi 5 (PMIC Hardware) ===
=================================================================
Etiqueta:          kraken2_Cluster_chunk3_node_rbp5-3_job1275_task3
Intervalo:         1.0 s
Hardware:          Renesas DA9091 PMIC (12 Canales ADC)
Directorio salida: /shared/users/grupo1/lemmi16s/medicion_energia/kraken2
Archivo de salida: energia_kraken2_Cluster_chunk3_node_rbp5-3_job1275_task3_20260923_171415.csv
Presiona Ctrl+C o envia SIGTERM para detener la medicion.

[2026-09-23 17:14:16.233] [PMIC] Power:  2.31 W | Energia: 0.0006 Wh | Muestras: 1[2026-09-23 17:14:17.303] [PMIC] Power:  2.58 W | Energia: 0.0014 Wh | Muestras: 2[2026-09-23 17:14:18.399] [PMIC] Power:  3.51 W | Energia: 0.0024 Wh | Muestras: 3[2026-09-23 17:14:22.385] [PMIC] Power:  2.74 W | Energia: 0.0033 Wh | Muestras: 4[2026-09-23 17:14:30.141] [PMIC] Power:  2.37 W | Energia: 0.0059 Wh | Muestras: 5[2026-09-23 17:14:33.939] [PMIC] Power:  2.66 W | Energia: 0.0116 Wh | Muestras: 6[2026-09-23 17:14:37.305] [PMIC] Power:  2.90 W | Energia: 0.0147 Wh | Muestras: 7[2026-09-23 17:14:38.407] [PMIC] Power:  2.29 W | Energia: 0.0168 Wh | Muestras: 8[2026-09-23 17:14:39.524] [PMIC] Power:  2.14 W | Energia: 0.0175 Wh | Muestras: 9[2026-09-23 17:14:40.588] [PMIC] Power:  2.20 W | Energia: 0.0182 Wh | Muestras: 10[2026-09-23 17:14:41.673] [PMIC] Power:  2.39 W | Energia: 0.0189 Wh | Muestras: 11

=== Resumen de medicion (kraken2_Cluster_chunk3_node_rbp5-3_job1275_task3) ===
Inicio:           2026-09-23 17:14:15.193562
Fin:              2026-09-23 17:14:41.710437
Duracion:         26.5 s (0.44 min)
Muestras tomadas: 11
Energia total:    0.0189 Wh
Potencia promedio: 2.56 W
CSV guardado en:  energia_kraken2_Cluster_chunk3_node_rbp5-3_job1275_task3_20260923_171415.csv

Recuerda: resta el consumo baseline (standby) medido por separado
para obtener la energia neta atribuible al pipeline.

