=================================================================
=== Medicion de Energia Raspberry Pi 5 (PMIC Hardware) ===
=================================================================
Etiqueta:          kraken2_Cluster_chunk3_node_rbp5-3_job1243_task3
Intervalo:         1.0 s
Hardware:          Renesas DA9091 PMIC (12 Canales ADC)
Directorio salida: /shared/users/grupo1/lemmi16s/medicion_energia/kraken2
Archivo de salida: energia_kraken2_Cluster_chunk3_node_rbp5-3_job1243_task3_20260923_101449.csv
Presiona Ctrl+C o envia SIGTERM para detener la medicion.

[2026-09-23 10:14:51.034] [PMIC] Power:  3.33 W | Energia: 0.0009 Wh | Muestras: 1[2026-09-23 10:14:52.111] [PMIC] Power:  3.51 W | Energia: 0.0020 Wh | Muestras: 2[2026-09-23 10:14:57.270] [PMIC] Advertencia: Lectura nula del conversor ADC[2026-09-23 10:15:06.696] [PMIC] Advertencia: Lectura nula del conversor ADC[2026-09-23 10:15:12.103] [PMIC] Power:  2.38 W | Energia: 0.0082 Wh | Muestras: 3[2026-09-23 10:15:13.166] [PMIC] Power:  3.47 W | Energia: 0.0134 Wh | Muestras: 4[2026-09-23 10:15:14.231] [PMIC] Power:  2.36 W | Energia: 0.0141 Wh | Muestras: 5[2026-09-23 10:15:15.286] [PMIC] Power:  2.31 W | Energia: 0.0148 Wh | Muestras: 6

=== Resumen de medicion (kraken2_Cluster_chunk3_node_rbp5-3_job1243_task3) ===
Inicio:           2026-09-23 10:14:49.952101
Fin:              2026-09-23 10:15:16.299673
Duracion:         26.3 s (0.44 min)
Muestras tomadas: 6
Energia total:    0.0148 Wh
Potencia promedio: 2.02 W
CSV guardado en:  energia_kraken2_Cluster_chunk3_node_rbp5-3_job1243_task3_20260923_101449.csv

Recuerda: resta el consumo baseline (standby) medido por separado
para obtener la energia neta atribuible al pipeline.

