=================================================================
=== Medicion de Energia Raspberry Pi 5 (PMIC Hardware) ===
=================================================================
Etiqueta:          kraken2_Cluster_chunk1_node_rbp5-1_job1255_task1
Intervalo:         1.0 s
Hardware:          Renesas DA9091 PMIC (12 Canales ADC)
Directorio salida: /shared/users/grupo1/lemmi16s/medicion_energia/kraken2
Archivo de salida: energia_kraken2_Cluster_chunk1_node_rbp5-1_job1255_task1_20260923_170513.csv
Presiona Ctrl+C o envia SIGTERM para detener la medicion.

[2026-09-23 17:05:14.548] [PMIC] Power:  2.21 W | Energia: 0.0006 Wh | Muestras: 1[2026-09-23 17:05:15.626] [PMIC] Power:  2.56 W | Energia: 0.0014 Wh | Muestras: 2[2026-09-23 17:05:16.725] [PMIC] Power:  3.83 W | Energia: 0.0025 Wh | Muestras: 3[2026-09-23 17:05:17.823] [PMIC] Power:  3.55 W | Energia: 0.0036 Wh | Muestras: 4[2026-09-23 17:05:18.884] [PMIC] Power:  2.48 W | Energia: 0.0043 Wh | Muestras: 5[2026-09-23 17:05:21.666] [PMIC] Power:  2.52 W | Energia: 0.0051 Wh | Muestras: 6[2026-09-23 17:05:23.520] [PMIC] Power:  2.35 W | Energia: 0.0069 Wh | Muestras: 7[2026-09-23 17:05:24.571] [PMIC] Power:  2.31 W | Energia: 0.0081 Wh | Muestras: 8[2026-09-23 17:05:25.622] [PMIC] Power:  2.36 W | Energia: 0.0088 Wh | Muestras: 9

=== Resumen de medicion (kraken2_Cluster_chunk1_node_rbp5-1_job1255_task1) ===
Inicio:           2026-09-23 17:05:13.508778
Fin:              2026-09-23 17:05:26.527752
Duracion:         13.0 s (0.22 min)
Muestras tomadas: 9
Energia total:    0.0088 Wh
Potencia promedio: 2.43 W
CSV guardado en:  energia_kraken2_Cluster_chunk1_node_rbp5-1_job1255_task1_20260923_170513.csv

Recuerda: resta el consumo baseline (standby) medido por separado
para obtener la energia neta atribuible al pipeline.

