=================================================================
=== Medicion de Energia Raspberry Pi 5 (PMIC Hardware) ===
=================================================================
Etiqueta:          kraken2_Cluster_chunk3_node_rbp5-3_job1255_task3
Intervalo:         1.0 s
Hardware:          Renesas DA9091 PMIC (12 Canales ADC)
Directorio salida: /shared/users/grupo1/lemmi16s/medicion_energia/kraken2
Archivo de salida: energia_kraken2_Cluster_chunk3_node_rbp5-3_job1255_task3_20260923_170512.csv
Presiona Ctrl+C o envia SIGTERM para detener la medicion.

[2026-09-23 17:05:13.538] [PMIC] Power:  2.30 W | Energia: 0.0006 Wh | Muestras: 1[2026-09-23 17:05:14.592] [PMIC] Power:  2.73 W | Energia: 0.0014 Wh | Muestras: 2[2026-09-23 17:05:15.699] [PMIC] Power:  3.22 W | Energia: 0.0024 Wh | Muestras: 3[2026-09-23 17:05:16.800] [PMIC] Power:  4.54 W | Energia: 0.0038 Wh | Muestras: 4[2026-09-23 17:05:17.916] [PMIC] Power:  2.18 W | Energia: 0.0044 Wh | Muestras: 5[2026-09-23 17:05:20.671] [PMIC] Power:  2.19 W | Energia: 0.0051 Wh | Muestras: 6[2026-09-23 17:05:22.523] [PMIC] Power:  2.52 W | Energia: 0.0070 Wh | Muestras: 7[2026-09-23 17:05:23.571] [PMIC] Power:  2.74 W | Energia: 0.0084 Wh | Muestras: 8[2026-09-23 17:05:24.622] [PMIC] Power:  2.41 W | Energia: 0.0091 Wh | Muestras: 9

=== Resumen de medicion (kraken2_Cluster_chunk3_node_rbp5-3_job1255_task3) ===
Inicio:           2026-09-23 17:05:12.498845
Fin:              2026-09-23 17:05:25.532017
Duracion:         13.0 s (0.22 min)
Muestras tomadas: 9
Energia total:    0.0091 Wh
Potencia promedio: 2.53 W
CSV guardado en:  energia_kraken2_Cluster_chunk3_node_rbp5-3_job1255_task3_20260923_170512.csv

Recuerda: resta el consumo baseline (standby) medido por separado
para obtener la energia neta atribuible al pipeline.

