=================================================================
=== Medicion de Energia Raspberry Pi 5 (PMIC Hardware) ===
=================================================================
Etiqueta:          kraken2_Cluster_chunk2_node_rbp5-2_job1275_task2
Intervalo:         1.0 s
Hardware:          Renesas DA9091 PMIC (12 Canales ADC)
Directorio salida: /shared/users/grupo1/lemmi16s/medicion_energia/kraken2
Archivo de salida: energia_kraken2_Cluster_chunk2_node_rbp5-2_job1275_task2_20260923_171415.csv
Presiona Ctrl+C o envia SIGTERM para detener la medicion.

[2026-09-23 17:14:16.146] [PMIC] Power:  2.30 W | Energia: 0.0006 Wh | Muestras: 1[2026-09-23 17:14:17.249] [PMIC] Power:  3.26 W | Energia: 0.0016 Wh | Muestras: 2[2026-09-23 17:14:18.701] [PMIC] Power:  2.67 W | Energia: 0.0024 Wh | Muestras: 3[2026-09-23 17:14:23.383] [PMIC] Power:  3.57 W | Energia: 0.0038 Wh | Muestras: 4[2026-09-23 17:14:31.139] [PMIC] Power:  2.54 W | Energia: 0.0071 Wh | Muestras: 5[2026-09-23 17:14:34.929] [PMIC] Power:  2.57 W | Energia: 0.0127 Wh | Muestras: 6[2026-09-23 17:14:38.292] [PMIC] Power:  2.90 W | Energia: 0.0157 Wh | Muestras: 7[2026-09-23 17:14:39.391] [PMIC] Power:  3.24 W | Energia: 0.0187 Wh | Muestras: 8[2026-09-23 17:14:40.477] [PMIC] Power:  2.53 W | Energia: 0.0195 Wh | Muestras: 9[2026-09-23 17:14:41.548] [PMIC] Power:  2.46 W | Energia: 0.0203 Wh | Muestras: 10[2026-09-23 17:14:42.661] [PMIC] Power:  3.74 W | Energia: 0.0214 Wh | Muestras: 11

=== Resumen de medicion (kraken2_Cluster_chunk2_node_rbp5-2_job1275_task2) ===
Inicio:           2026-09-23 17:14:15.099992
Fin:              2026-09-23 17:14:42.808479
Duracion:         27.7 s (0.46 min)
Muestras tomadas: 11
Energia total:    0.0214 Wh
Potencia promedio: 2.78 W
CSV guardado en:  energia_kraken2_Cluster_chunk2_node_rbp5-2_job1275_task2_20260923_171415.csv

Recuerda: resta el consumo baseline (standby) medido por separado
para obtener la energia neta atribuible al pipeline.

