=================================================================
=== Medicion de Energia Raspberry Pi 5 (PMIC Hardware) ===
=================================================================
Etiqueta:          kraken2_Cluster_chunk5_node_rbp5-5_job1265_task5
Intervalo:         1.0 s
Hardware:          Renesas DA9091 PMIC (12 Canales ADC)
Directorio salida: /shared/users/grupo1/lemmi16s/medicion_energia/kraken2
Archivo de salida: energia_kraken2_Cluster_chunk5_node_rbp5-5_job1265_task5_20260923_170918.csv
Presiona Ctrl+C o envia SIGTERM para detener la medicion.

[2026-09-23 17:09:23.174] [PMIC] Power:  2.77 W | Energia: 0.0032 Wh | Muestras: 1[2026-09-23 17:09:24.306] [PMIC] Power:  2.74 W | Energia: 0.0040 Wh | Muestras: 2[2026-09-23 17:09:28.128] [PMIC] Power:  3.51 W | Energia: 0.0051 Wh | Muestras: 3[2026-09-23 17:09:31.603] [PMIC] Power:  2.52 W | Energia: 0.0078 Wh | Muestras: 4[2026-09-23 17:09:32.679] [PMIC] Power:  2.71 W | Energia: 0.0104 Wh | Muestras: 5[2026-09-23 17:09:40.838] [PMIC] Power:  2.21 W | Energia: 0.0111 Wh | Muestras: 6[2026-09-23 17:09:42.001] [PMIC] Power:  2.50 W | Energia: 0.0167 Wh | Muestras: 7[2026-09-23 17:09:43.157] [PMIC] Power:  2.82 W | Energia: 0.0176 Wh | Muestras: 8[2026-09-23 17:09:44.230] [PMIC] Power:  2.52 W | Energia: 0.0184 Wh | Muestras: 9[2026-09-23 17:09:45.338] [PMIC] Power:  2.43 W | Energia: 0.0192 Wh | Muestras: 10

=== Resumen de medicion (kraken2_Cluster_chunk5_node_rbp5-5_job1265_task5) ===
Inicio:           2026-09-23 17:09:18.962339
Fin:              2026-09-23 17:09:45.348876
Duracion:         26.4 s (0.44 min)
Muestras tomadas: 10
Energia total:    0.0192 Wh
Potencia promedio: 2.62 W
CSV guardado en:  energia_kraken2_Cluster_chunk5_node_rbp5-5_job1265_task5_20260923_170918.csv

Recuerda: resta el consumo baseline (standby) medido por separado
para obtener la energia neta atribuible al pipeline.

