=================================================================
=== Medicion de Energia Raspberry Pi 5 (PMIC Hardware) ===
=================================================================
Etiqueta:          kraken2_Cluster_chunk4_node_rbp5-4_job1265_task4
Intervalo:         1.0 s
Hardware:          Renesas DA9091 PMIC (12 Canales ADC)
Directorio salida: /shared/users/grupo1/lemmi16s/medicion_energia/kraken2
Archivo de salida: energia_kraken2_Cluster_chunk4_node_rbp5-4_job1265_task4_20260923_170922.csv
Presiona Ctrl+C o envia SIGTERM para detener la medicion.

[2026-09-23 17:09:23.348] [PMIC] Power:  2.54 W | Energia: 0.0007 Wh | Muestras: 1[2026-09-23 17:09:24.456] [PMIC] Power:  3.83 W | Energia: 0.0020 Wh | Muestras: 2[2026-09-23 17:09:28.119] [PMIC] Power:  2.23 W | Energia: 0.0026 Wh | Muestras: 3[2026-09-23 17:09:31.832] [PMIC] Power:  3.98 W | Energia: 0.0067 Wh | Muestras: 4[2026-09-23 17:09:33.204] [PMIC] Power:  2.44 W | Energia: 0.0092 Wh | Muestras: 5[2026-09-23 17:09:40.838] [PMIC] Power:  2.22 W | Energia: 0.0101 Wh | Muestras: 6[2026-09-23 17:09:42.001] [PMIC] Power:  2.97 W | Energia: 0.0164 Wh | Muestras: 7[2026-09-23 17:09:43.158] [PMIC] Power:  3.43 W | Energia: 0.0175 Wh | Muestras: 8[2026-09-23 17:09:44.230] [PMIC] Power:  2.53 W | Energia: 0.0183 Wh | Muestras: 9[2026-09-23 17:09:45.341] [PMIC] Power:  2.48 W | Energia: 0.0190 Wh | Muestras: 10

=== Resumen de medicion (kraken2_Cluster_chunk4_node_rbp5-4_job1265_task4) ===
Inicio:           2026-09-23 17:09:22.174782
Fin:              2026-09-23 17:09:45.369445
Duracion:         23.2 s (0.39 min)
Muestras tomadas: 10
Energia total:    0.0190 Wh
Potencia promedio: 2.95 W
CSV guardado en:  energia_kraken2_Cluster_chunk4_node_rbp5-4_job1265_task4_20260923_170922.csv

Recuerda: resta el consumo baseline (standby) medido por separado
para obtener la energia neta atribuible al pipeline.

