=================================================================
=== Medicion de Energia Raspberry Pi 5 (PMIC Hardware) ===
=================================================================
Etiqueta:          kraken2_Cluster_chunk1_node_rbp5-1_job1265_task1
Intervalo:         1.0 s
Hardware:          Renesas DA9091 PMIC (12 Canales ADC)
Directorio salida: /shared/users/grupo1/lemmi16s/medicion_energia/kraken2
Archivo de salida: energia_kraken2_Cluster_chunk1_node_rbp5-1_job1265_task1_20260923_170922.csv
Presiona Ctrl+C o envia SIGTERM para detener la medicion.

[2026-09-23 17:09:23.242] [PMIC] Power:  5.55 W | Energia: 0.0016 Wh | Muestras: 1[2026-09-23 17:09:24.321] [PMIC] Power:  3.30 W | Energia: 0.0025 Wh | Muestras: 2[2026-09-23 17:09:28.006] [PMIC] Power:  2.51 W | Energia: 0.0033 Wh | Muestras: 3[2026-09-23 17:09:31.574] [PMIC] Power:  2.97 W | Energia: 0.0063 Wh | Muestras: 4[2026-09-23 17:09:32.622] [PMIC] Power:  2.70 W | Energia: 0.0090 Wh | Muestras: 5[2026-09-23 17:09:40.787] [PMIC] Power:  3.30 W | Energia: 0.0099 Wh | Muestras: 6[2026-09-23 17:09:41.939] [PMIC] Power:  2.44 W | Energia: 0.0155 Wh | Muestras: 7[2026-09-23 17:09:43.139] [PMIC] Power:  2.50 W | Energia: 0.0163 Wh | Muestras: 8

=== Resumen de medicion (kraken2_Cluster_chunk1_node_rbp5-1_job1265_task1) ===
Inicio:           2026-09-23 17:09:22.178525
Fin:              2026-09-23 17:09:43.270301
Duracion:         21.1 s (0.35 min)
Muestras tomadas: 8
Energia total:    0.0163 Wh
Potencia promedio: 2.78 W
CSV guardado en:  energia_kraken2_Cluster_chunk1_node_rbp5-1_job1265_task1_20260923_170922.csv

Recuerda: resta el consumo baseline (standby) medido por separado
para obtener la energia neta atribuible al pipeline.

