=================================================================
=== Medicion de Energia Raspberry Pi 5 (PMIC Hardware) ===
=================================================================
Etiqueta:          kraken2_Cluster_chunk2_node_rbp5-2_job1255_task2
Intervalo:         1.0 s
Hardware:          Renesas DA9091 PMIC (12 Canales ADC)
Directorio salida: /shared/users/grupo1/lemmi16s/medicion_energia/kraken2
Archivo de salida: energia_kraken2_Cluster_chunk2_node_rbp5-2_job1255_task2_20260923_170513.csv
Presiona Ctrl+C o envia SIGTERM para detener la medicion.

[2026-09-23 17:05:14.541] [PMIC] Power:  2.53 W | Energia: 0.0007 Wh | Muestras: 1[2026-09-23 17:05:15.594] [PMIC] Power:  3.23 W | Energia: 0.0016 Wh | Muestras: 2[2026-09-23 17:05:16.682] [PMIC] Power:  2.51 W | Energia: 0.0024 Wh | Muestras: 3[2026-09-23 17:05:17.767] [PMIC] Power:  3.78 W | Energia: 0.0035 Wh | Muestras: 4[2026-09-23 17:05:18.842] [PMIC] Power:  4.47 W | Energia: 0.0049 Wh | Muestras: 5[2026-09-23 17:05:21.348] [PMIC] Advertencia: Lectura nula del conversor ADC[2026-09-23 17:05:22.409] [PMIC] Power:  3.51 W | Energia: 0.0073 Wh | Muestras: 6[2026-09-23 17:05:23.977] [PMIC] Power:  2.69 W | Energia: 0.0081 Wh | Muestras: 7[2026-09-23 17:05:25.021] [PMIC] Power:  3.18 W | Energia: 0.0095 Wh | Muestras: 8[2026-09-23 17:05:26.066] [PMIC] Power:  3.46 W | Energia: 0.0105 Wh | Muestras: 9[2026-09-23 17:05:27.109] [PMIC] Power:  2.56 W | Energia: 0.0112 Wh | Muestras: 10[2026-09-23 17:05:28.153] [PMIC] Power:  2.51 W | Energia: 0.0120 Wh | Muestras: 11

=== Resumen de medicion (kraken2_Cluster_chunk2_node_rbp5-2_job1255_task2) ===
Inicio:           2026-09-23 17:05:13.498903
Fin:              2026-09-23 17:05:29.160240
Duracion:         15.7 s (0.26 min)
Muestras tomadas: 11
Energia total:    0.0120 Wh
Potencia promedio: 2.75 W
CSV guardado en:  energia_kraken2_Cluster_chunk2_node_rbp5-2_job1255_task2_20260923_170513.csv

Recuerda: resta el consumo baseline (standby) medido por separado
para obtener la energia neta atribuible al pipeline.

