=================================================================
=== Medicion de Energia Raspberry Pi 5 (PMIC Hardware) ===
=================================================================
Etiqueta:          kraken2_Cluster_chunk1_node_rbp5-1_job1243_task1
Intervalo:         1.0 s
Hardware:          Renesas DA9091 PMIC (12 Canales ADC)
Directorio salida: /shared/users/grupo1/lemmi16s/medicion_energia/kraken2
Archivo de salida: energia_kraken2_Cluster_chunk1_node_rbp5-1_job1243_task1_20260923_101450.csv
Presiona Ctrl+C o envia SIGTERM para detener la medicion.

[2026-09-23 10:14:51.912] [PMIC] Power:  6.01 W | Energia: 0.0017 Wh | Muestras: 1[2026-09-23 10:14:52.970] [PMIC] Power:  3.95 W | Energia: 0.0028 Wh | Muestras: 2[2026-09-23 10:14:56.757] [PMIC] Power:  2.61 W | Energia: 0.0036 Wh | Muestras: 3[2026-09-23 10:15:06.177] [PMIC] Power:  2.29 W | Energia: 0.0060 Wh | Muestras: 4[2026-09-23 10:15:11.763] [PMIC] Power:  2.76 W | Energia: 0.0132 Wh | Muestras: 5[2026-09-23 10:15:13.110] [PMIC] Power:  3.88 W | Energia: 0.0193 Wh | Muestras: 6[2026-09-23 10:15:14.177] [PMIC] Power:  3.49 W | Energia: 0.0206 Wh | Muestras: 7[2026-09-23 10:15:15.262] [PMIC] Power:  2.36 W | Energia: 0.0213 Wh | Muestras: 8[2026-09-23 10:15:16.323] [PMIC] Power:  2.22 W | Energia: 0.0219 Wh | Muestras: 9

=== Resumen de medicion (kraken2_Cluster_chunk1_node_rbp5-1_job1243_task1) ===
Inicio:           2026-09-23 10:14:50.849404
Fin:              2026-09-23 10:15:16.840272
Duracion:         26.0 s (0.43 min)
Muestras tomadas: 9
Energia total:    0.0219 Wh
Potencia promedio: 3.04 W
CSV guardado en:  energia_kraken2_Cluster_chunk1_node_rbp5-1_job1243_task1_20260923_101450.csv

Recuerda: resta el consumo baseline (standby) medido por separado
para obtener la energia neta atribuible al pipeline.

