=================================================================
=== Medicion de Energia Raspberry Pi 5 (PMIC Hardware) ===
=================================================================
Etiqueta:          kraken2_Cluster_chunk4_node_rbp5-4_job1270_task4
Intervalo:         1.0 s
Hardware:          Renesas DA9091 PMIC (12 Canales ADC)
Directorio salida: /shared/users/grupo1/lemmi16s/medicion_energia/kraken2
Archivo de salida: energia_kraken2_Cluster_chunk4_node_rbp5-4_job1270_task4_20260923_171133.csv
Presiona Ctrl+C o envia SIGTERM para detener la medicion.

[2026-09-23 17:11:37.461] [PMIC] Power:  2.28 W | Energia: 0.0026 Wh | Muestras: 1[2026-09-23 17:11:46.687] [PMIC] Power:  4.95 W | Energia: 0.0042 Wh | Muestras: 2[2026-09-23 17:11:52.326] [PMIC] Power:  3.16 W | Energia: 0.0123 Wh | Muestras: 3[2026-09-23 17:11:57.657] [PMIC] Power:  2.62 W | Energia: 0.0164 Wh | Muestras: 4[2026-09-23 17:12:03.255] [PMIC] Power:  2.34 W | Energia: 0.0198 Wh | Muestras: 5[2026-09-23 17:12:09.847] [PMIC] Power:  2.62 W | Energia: 0.0239 Wh | Muestras: 6[2026-09-23 17:12:18.273] [PMIC] Power:  3.28 W | Energia: 0.0299 Wh | Muestras: 7[2026-09-23 17:12:19.326] [PMIC] Power:  2.49 W | Energia: 0.0357 Wh | Muestras: 8[2026-09-23 17:12:20.405] [PMIC] Power:  2.49 W | Energia: 0.0364 Wh | Muestras: 9

=== Resumen de medicion (kraken2_Cluster_chunk4_node_rbp5-4_job1270_task4) ===
Inicio:           2026-09-23 17:11:33.236547
Fin:              2026-09-23 17:12:20.815953
Duracion:         47.6 s (0.79 min)
Muestras tomadas: 9
Energia total:    0.0364 Wh
Potencia promedio: 2.76 W
CSV guardado en:  energia_kraken2_Cluster_chunk4_node_rbp5-4_job1270_task4_20260923_171133.csv

Recuerda: resta el consumo baseline (standby) medido por separado
para obtener la energia neta atribuible al pipeline.

