=================================================================
=== Medicion de Energia Raspberry Pi 5 (PMIC Hardware) ===
=================================================================
Etiqueta:          kraken2_Cluster_chunk2_node_rbp5-1_job1238_task2
Intervalo:         1.0 s
Hardware:          Renesas DA9091 PMIC (12 Canales ADC)
Directorio salida: /shared/users/grupo1/lemmi16s/medicion_energia/kraken2
Archivo de salida: energia_kraken2_Cluster_chunk2_node_rbp5-1_job1238_task2_20260923_101241.csv
Presiona Ctrl+C o envia SIGTERM para detener la medicion.

[2026-09-23 10:12:42.467] [PMIC] Power:  2.20 W | Energia: 0.0006 Wh | Muestras: 1[2026-09-23 10:12:43.526] [PMIC] Power:  5.11 W | Energia: 0.0021 Wh | Muestras: 2[2026-09-23 10:12:44.634] [PMIC] Power:  4.83 W | Energia: 0.0035 Wh | Muestras: 3[2026-09-23 10:12:47.321] [PMIC] Power:  3.62 W | Energia: 0.0046 Wh | Muestras: 4[2026-09-23 10:12:49.621] [PMIC] Power:  2.51 W | Energia: 0.0065 Wh | Muestras: 5[2026-09-23 10:12:50.668] [PMIC] Power:  2.79 W | Energia: 0.0083 Wh | Muestras: 6[2026-09-23 10:12:51.712] [PMIC] Power:  2.44 W | Energia: 0.0090 Wh | Muestras: 7[2026-09-23 10:12:52.760] [PMIC] Power:  2.39 W | Energia: 0.0097 Wh | Muestras: 8

=== Resumen de medicion (kraken2_Cluster_chunk2_node_rbp5-1_job1238_task2) ===
Inicio:           2026-09-23 10:12:41.424988
Fin:              2026-09-23 10:12:53.465779
Duracion:         12.0 s (0.20 min)
Muestras tomadas: 8
Energia total:    0.0097 Wh
Potencia promedio: 2.89 W
CSV guardado en:  energia_kraken2_Cluster_chunk2_node_rbp5-1_job1238_task2_20260923_101241.csv

Recuerda: resta el consumo baseline (standby) medido por separado
para obtener la energia neta atribuible al pipeline.

