=================================================================
=== Medicion de Energia Raspberry Pi 5 (PMIC Hardware) ===
=================================================================
Etiqueta:          kraken2_Cluster_chunk2_node_rbp5-2_job1265_task2
Intervalo:         1.0 s
Hardware:          Renesas DA9091 PMIC (12 Canales ADC)
Directorio salida: /shared/users/grupo1/lemmi16s/medicion_energia/kraken2
Archivo de salida: energia_kraken2_Cluster_chunk2_node_rbp5-2_job1265_task2_20260923_170918.csv
Presiona Ctrl+C o envia SIGTERM para detener la medicion.

[2026-09-23 17:09:23.174] [PMIC] Power:  2.59 W | Energia: 0.0030 Wh | Muestras: 1[2026-09-23 17:09:24.307] [PMIC] Power:  4.88 W | Energia: 0.0044 Wh | Muestras: 2[2026-09-23 17:09:28.085] [PMIC] Power:  2.27 W | Energia: 0.0052 Wh | Muestras: 3[2026-09-23 17:09:31.607] [PMIC] Power:  3.73 W | Energia: 0.0091 Wh | Muestras: 4[2026-09-23 17:09:32.669] [PMIC] Power:  3.51 W | Energia: 0.0125 Wh | Muestras: 5[2026-09-23 17:09:40.786] [PMIC] Power:  2.41 W | Energia: 0.0132 Wh | Muestras: 6[2026-09-23 17:09:41.941] [PMIC] Power:  3.23 W | Energia: 0.0205 Wh | Muestras: 7[2026-09-23 17:09:43.144] [PMIC] Power:  2.99 W | Energia: 0.0215 Wh | Muestras: 8[2026-09-23 17:09:44.203] [PMIC] Power:  2.42 W | Energia: 0.0223 Wh | Muestras: 9[2026-09-23 17:09:45.319] [PMIC] Power:  2.44 W | Energia: 0.0230 Wh | Muestras: 10

=== Resumen de medicion (kraken2_Cluster_chunk2_node_rbp5-2_job1265_task2) ===
Inicio:           2026-09-23 17:09:18.965791
Fin:              2026-09-23 17:09:45.429008
Duracion:         26.5 s (0.44 min)
Muestras tomadas: 10
Energia total:    0.0230 Wh
Potencia promedio: 3.13 W
CSV guardado en:  energia_kraken2_Cluster_chunk2_node_rbp5-2_job1265_task2_20260923_170918.csv

Recuerda: resta el consumo baseline (standby) medido por separado
para obtener la energia neta atribuible al pipeline.

