=================================================================
=== Medicion de Energia Raspberry Pi 5 (PMIC Hardware) ===
=================================================================
Etiqueta:          kraken2_Cluster_chunk4_node_rbp5-4_job1260_task4
Intervalo:         1.0 s
Hardware:          Renesas DA9091 PMIC (12 Canales ADC)
Directorio salida: /shared/users/grupo1/lemmi16s/medicion_energia/kraken2
Archivo de salida: energia_kraken2_Cluster_chunk4_node_rbp5-4_job1260_task4_20260923_170703.csv
Presiona Ctrl+C o envia SIGTERM para detener la medicion.

[2026-09-23 17:07:04.589] [PMIC] Power:  2.31 W | Energia: 0.0006 Wh | Muestras: 1[2026-09-23 17:07:05.644] [PMIC] Power:  3.35 W | Energia: 0.0016 Wh | Muestras: 2[2026-09-23 17:07:06.694] [PMIC] Power:  5.42 W | Energia: 0.0032 Wh | Muestras: 3[2026-09-23 17:07:09.511] [PMIC] Power:  2.65 W | Energia: 0.0040 Wh | Muestras: 4[2026-09-23 17:07:10.597] [PMIC] Power:  3.14 W | Energia: 0.0064 Wh | Muestras: 5[2026-09-23 17:07:11.653] [PMIC] Power:  2.51 W | Energia: 0.0072 Wh | Muestras: 6[2026-09-23 17:07:12.701] [PMIC] Power:  2.51 W | Energia: 0.0079 Wh | Muestras: 7

=== Resumen de medicion (kraken2_Cluster_chunk4_node_rbp5-4_job1260_task4) ===
Inicio:           2026-09-23 17:07:03.542068
Fin:              2026-09-23 17:07:13.610681
Duracion:         10.1 s (0.17 min)
Muestras tomadas: 7
Energia total:    0.0079 Wh
Potencia promedio: 2.83 W
CSV guardado en:  energia_kraken2_Cluster_chunk4_node_rbp5-4_job1260_task4_20260923_170703.csv

Recuerda: resta el consumo baseline (standby) medido por separado
para obtener la energia neta atribuible al pipeline.

