=================================================================
=== Medicion de Energia Raspberry Pi 5 (PMIC Hardware) ===
=================================================================
Etiqueta:          Kraken2_multinodo_e002_node_rbp5-5_job1487
Intervalo:         1.0 s
Hardware:          Renesas DA9091 PMIC (12 Canales ADC)
Directorio salida: /shared/users/grupo1/lemmi16s/medicion_energia/kraken2
Archivo de salida: energia_Kraken2_multinodo_e002_node_rbp5-5_job1487_20260924_160650.csv
Presiona Ctrl+C o envia SIGTERM para detener la medicion.

[2026-09-24 16:06:51.254] [PMIC] Power:  2.14 W | Energia: 0.0006 Wh | Muestras: 1[2026-09-24 16:06:52.347] [PMIC] Power:  3.68 W | Energia: 0.0017 Wh | Muestras: 2[2026-09-24 16:06:53.710] [PMIC] Power:  6.54 W | Energia: 0.0037 Wh | Muestras: 3[2026-09-24 16:06:56.590] [PMIC] Advertencia: Lectura nula del conversor ADC[2026-09-24 16:06:58.606] [PMIC] Power:  4.16 W | Energia: 0.0070 Wh | Muestras: 4[2026-09-24 16:06:59.977] [PMIC] Power:  6.32 W | Energia: 0.0105 Wh | Muestras: 5[2026-09-24 16:07:01.252] [PMIC] Power:  6.37 W | Energia: 0.0130 Wh | Muestras: 6[2026-09-24 16:07:11.987] [PMIC] Power:  2.30 W | Energia: 0.0138 Wh | Muestras: 7[2026-09-24 16:07:18.389] [PMIC] Power:  2.65 W | Energia: 0.0217 Wh | Muestras: 8[2026-09-24 16:07:23.107] [PMIC] Power:  1.98 W | Energia: 0.0252 Wh | Muestras: 9[2026-09-24 16:07:24.172] [PMIC] Power:  3.61 W | Energia: 0.0299 Wh | Muestras: 10[2026-09-24 16:07:25.210] [PMIC] Power:  3.25 W | Energia: 0.0309 Wh | Muestras: 11[2026-09-24 16:07:26.304] [PMIC] Power:  2.25 W | Energia: 0.0315 Wh | Muestras: 12[2026-09-24 16:07:27.393] [PMIC] Power:  2.27 W | Energia: 0.0322 Wh | Muestras: 13

=== Resumen de medicion (Kraken2_multinodo_e002_node_rbp5-5_job1487) ===
Inicio:           2026-09-24 16:06:50.215219
Fin:              2026-09-24 16:07:28.199854
Duracion:         38.0 s (0.63 min)
Muestras tomadas: 13
Energia total:    0.0322 Wh
Potencia promedio: 3.05 W
CSV guardado en:  energia_Kraken2_multinodo_e002_node_rbp5-5_job1487_20260924_160650.csv

Recuerda: resta el consumo baseline (standby) medido por separado
para obtener la energia neta atribuible al pipeline.

